---
http_interactions:
- request:
    method: get
    uri: http://localhost:3001/api/v1/yards/2
    body:
      encoding: US-ASCII
      string: ''
    headers:
      User-Agent:
      - Faraday v1.4.1
      Accept-Encoding:
      - gzip;q=1.0,deflate;q=0.6,identity;q=0.3
      Accept:
      - "*/*"
  response:
    status:
      code: 200
      message: OK
    headers:
      Content-Type:
      - application/json; charset=utf-8
      Etag:
      - W/"05899a4b6bd5366751e2b5fc0e2839d7"
      Cache-Control:
      - max-age=0, private, must-revalidate
      X-Request-Id:
      - 3b190ffa-b6a7-46e8-bf97-71ab72bac6c1
      X-Runtime:
      - '0.004420'
      Transfer-Encoding:
      - chunked
    body:
      encoding: UTF-8
      string: '{"data":{"id":"2","type":"yard","attributes":{"host_id":1,"name":"Ultimate
        Party Yard","street_address":"2001 Blake St","city":"Denver","state":"CO","zipcode":"80205","description":"This
        yard is equiped with a firepit, a pool, and a pool house to accommodate all
        your party needs.","availability":"Available on weekends in May","payment":"Venmo","photo_url_1":"https://i.pinimg.com/originals/33/68/61/33686194d9ec6fff887d4a77b33fab26.jpg","photo_url_2":"","photo_url_3":"","price":20.0,"purposes":{"data":[{"id":"1","type":"purpose","attributes":{"name":"pet
        rental"}},{"id":"2","type":"purpose","attributes":{"name":"party rental"}}]}}}}'
  recorded_at: Thu, 22 Apr 2021 00:08:37 GMT
- request:
    method: get
    uri: http://localhost:3001/api/v1/yards/2
    body:
      encoding: US-ASCII
      string: ''
    headers:
      User-Agent:
      - Faraday v1.4.1
      Accept-Encoding:
      - gzip;q=1.0,deflate;q=0.6,identity;q=0.3
      Accept:
      - "*/*"
  response:
    status:
      code: 200
      message: OK
    headers:
      Content-Type:
      - application/json; charset=utf-8
      Etag:
      - W/"05899a4b6bd5366751e2b5fc0e2839d7"
      Cache-Control:
      - max-age=0, private, must-revalidate
      X-Request-Id:
      - e54bd7e4-119a-4bb8-b0cd-97c38797cc75
      X-Runtime:
      - '0.004539'
      Transfer-Encoding:
      - chunked
    body:
      encoding: UTF-8
      string: '{"data":{"id":"2","type":"yard","attributes":{"host_id":1,"name":"Ultimate
        Party Yard","street_address":"2001 Blake St","city":"Denver","state":"CO","zipcode":"80205","description":"This
        yard is equiped with a firepit, a pool, and a pool house to accommodate all
        your party needs.","availability":"Available on weekends in May","payment":"Venmo","photo_url_1":"https://i.pinimg.com/originals/33/68/61/33686194d9ec6fff887d4a77b33fab26.jpg","photo_url_2":"","photo_url_3":"","price":20.0,"purposes":{"data":[{"id":"1","type":"purpose","attributes":{"name":"pet
        rental"}},{"id":"2","type":"purpose","attributes":{"name":"party rental"}}]}}}}'
  recorded_at: Thu, 22 Apr 2021 00:08:37 GMT
- request:
    method: post
    uri: http://localhost:3001/api/v1/bookings?booking_name=&date=2021-05-05&description=description&duration=2&renter_email=thisemail@gmail.com&renter_id=1&time=2021-05-05%2012:00:00%20-0400&yard_id=2
    body:
      encoding: UTF-8
      string: ''
    headers:
      User-Agent:
      - Faraday v1.4.1
      Content-Type:
      - application/json
      Content-Length:
      - '0'
      Accept-Encoding:
      - gzip;q=1.0,deflate;q=0.6,identity;q=0.3
      Accept:
      - "*/*"
  response:
    status:
      code: 404
      message: Not Found
    headers:
      Content-Type:
      - application/json; charset=utf-8
      Cache-Control:
      - no-cache
      X-Request-Id:
      - ec465b2c-4e69-47f8-b416-d2e86c28f739
      X-Runtime:
      - '0.004305'
      Transfer-Encoding:
      - chunked
    body:
      encoding: UTF-8
      string: '{"error":"Validation failed: Booking name can''t be blank"}'
  recorded_at: Thu, 22 Apr 2021 00:08:37 GMT
recorded_with: VCR 6.0.0
